mktextfm /mnt/d/works/aim-0/font/KoPub/KoPub
mktextfm /mnt/d/works/aim-0/font/KoPub/KoPub
mktextfm /mnt/d/works/aim-0/font/KoPub/KoPub
mktextfm /tmp/tmp.vOZvE765K3/KoPubDotumMedium
mktextfm /tmp/tmp.vOZvE765K3/KoPubDotumMedium
mktextfm /tmp/tmp.vOZvE765K3/KoPubDotumMedium
mktextfm /tmp/tmp.P5qQD4TfYC/KoPubDotumMedium
mktextfm /tmp/tmp.P5qQD4TfYC/KoPubDotumMedium
mktextfm /tmp/tmp.P5qQD4TfYC/KoPubDotumMedium
mktextfm /tmp/tmp.QVocyVtzyq/KoPubDotumMedium
mktextfm /tmp/tmp.QVocyVtzyq/KoPubDotumMedium
mktextfm /tmp/tmp.QVocyVtzyq/KoPubDotumMedium
mktextfm /mnt/d/works/aim-0/out/v1.0.1/temp_fonts_e5b5bee3/KoPubDotumMedium
mktextfm /mnt/d/works/aim-0/out/v1.0.1/temp_fonts_e5b5bee3/KoPubDotumMedium
mktextfm /mnt/d/works/aim-0/out/v1.0.1/temp_fonts_e5b5bee3/KoPubDotumMedium
mktextfm /mnt/d/works/aim-0/out/v1.0.1/temp_fonts_71f3c7d2/KoPubDotumMedium
mktextfm /mnt/d/works/aim-0/out/v1.0.1/temp_fonts_71f3c7d2/KoPubDotumMedium
mktextfm /mnt/d/works/aim-0/out/v1.0.1/temp_fonts_71f3c7d2/KoPubDotumMedium
mktextfm /mnt/d/works/aim-0/out/v1.0.1/temp_fonts_9854dcd5/KoPubDotumMedium
mktextfm /mnt/d/works/aim-0/out/v1.0.1/temp_fonts_9854dcd5/KoPubDotumMedium
mktextfm /mnt/d/works/aim-0/out/v1.0.1/temp_fonts_9854dcd5/KoPubDotumMedium
mktextfm /mnt/d/works/aim-0/out/v1.0.2/temp_fonts_e5b5bee3/KoPubDotumMedium
mktextfm /mnt/d/works/aim-0/out/v1.0.2/temp_fonts_e5b5bee3/KoPubDotumMedium
mktextfm /mnt/d/works/aim-0/out/v1.0.2/temp_fonts_e5b5bee3/KoPubDotumMedium
mktextfm /mnt/d/works/aim-0/out/v1.0.2/temp_fonts_71f3c7d2/KoPubDotumMedium
mktextfm /mnt/d/works/aim-0/out/v1.0.2/temp_fonts_71f3c7d2/KoPubDotumMedium
mktextfm /mnt/d/works/aim-0/out/v1.0.2/temp_fonts_71f3c7d2/KoPubDotumMedium
mktextfm /mnt/d/works/aim-0/out/v1.0.2/temp_fonts_9854dcd5/KoPubDotumMedium
mktextfm /mnt/d/works/aim-0/out/v1.0.2/temp_fonts_9854dcd5/KoPubDotumMedium
mktextfm /mnt/d/works/aim-0/out/v1.0.2/temp_fonts_9854dcd5/KoPubDotumMedium
mktextfm /mnt/d/works/aim-0/out/v1.0.2/temp_fonts_e5b5bee3/KoPubDotumMedium
mktextfm /mnt/d/works/aim-0/out/v1.0.2/temp_fonts_e5b5bee3/KoPubDotumMedium
mktextfm /mnt/d/works/aim-0/out/v1.0.2/temp_fonts_e5b5bee3/KoPubDotumMedium
mktextfm /mnt/d/works/aim-0/out/v1.0.2/temp_fonts_71f3c7d2/KoPubDotumMedium
mktextfm /mnt/d/works/aim-0/out/v1.0.2/temp_fonts_71f3c7d2/KoPubDotumMedium
mktextfm /mnt/d/works/aim-0/out/v1.0.2/temp_fonts_71f3c7d2/KoPubDotumMedium
mktextfm /mnt/d/works/aim-0/out/v1.0.2/temp_fonts_9854dcd5/KoPubDotumMedium
mktextfm /mnt/d/works/aim-0/out/v1.0.2/temp_fonts_9854dcd5/KoPubDotumMedium
mktextfm /mnt/d/works/aim-0/out/v1.0.2/temp_fonts_9854dcd5/KoPubDotumMedium
mktextfm fonts/KoPubDotumMedium
mktextfm fonts/KoPubDotumMedium
mktextfm fonts/KoPubDotumMedium
mktextfm fonts/KoPubDotumMedium
mktextfm fonts/KoPubDotumMedium
mktextfm fonts/KoPubDotumMedium
mktextfm fonts/KoPubDotumMedium
mktextfm fonts/KoPubDotumMedium
mktextfm fonts/KoPubDotumMedium
mktextfm fonts/KoPubDotumMedium
mktextfm fonts/KoPubDotumMedium
mktextfm fonts/KoPubDotumMedium
